// results.test-mojom-webui.ts is auto generated by mojom_bindings_generator.py, do not edit

// Copyright 2020 The Chromium Authors
// Use of this source code is governed by a BSD-style license that can be
// found in the LICENSE file.

import {mojo} from '//resources/mojo/mojo/public/js/bindings.js';








export class ResultInterfacePendingReceiver implements
    mojo.internal.interfaceSupport.PendingReceiver {

  handle: mojo.internal.interfaceSupport.Endpoint;
  constructor(handle: MojoHandle|mojo.internal.interfaceSupport.Endpoint) {
    this.handle = mojo.internal.interfaceSupport.getEndpointForReceiver(handle);
  }

  bindInBrowser(scope: string = 'context') {
    mojo.internal.interfaceSupport.bind(
        this.handle,
        'golden.ResultInterface',
        scope);
  }
}

export interface ResultInterfaceInterface {
  method(a: boolean): void;
}

export class ResultInterfaceRemote implements ResultInterfaceInterface {
  private proxy: mojo.internal.interfaceSupport.InterfaceRemoteBase<ResultInterfacePendingReceiver>;
  $: mojo.internal.interfaceSupport.InterfaceRemoteBaseWrapper<ResultInterfacePendingReceiver>;
  onConnectionError: mojo.internal.interfaceSupport.ConnectionErrorEventRouter;

  constructor(
      handle?: MojoHandle|mojo.internal.interfaceSupport.Endpoint) {
    this.proxy =
        new mojo.internal.interfaceSupport.InterfaceRemoteBase(
          ResultInterfacePendingReceiver, handle);

    this.$ = new mojo.internal.interfaceSupport.InterfaceRemoteBaseWrapper(this.proxy);

    this.onConnectionError = this.proxy.getConnectionErrorEventRouter();
  }

  method(
      a: boolean): void {
    this.proxy.sendMessage(
        0,
        ResultInterface_Method_ParamsSpec.$,
        null,
        [
          a
        ]);
  }
};

/**
 * An object which receives request messages for the ResultInterface
 * mojom interface. Must be constructed over an object which implements that
 * interface.
 */
export class ResultInterfaceReceiver {
  private helper_internal_: mojo.internal.interfaceSupport.InterfaceReceiverHelperInternal<ResultInterfaceRemote>;

  $: mojo.internal.interfaceSupport.InterfaceReceiverHelper<ResultInterfaceRemote>;

  onConnectionError: mojo.internal.interfaceSupport.ConnectionErrorEventRouter;


  constructor(impl: ResultInterfaceInterface) {

    this.helper_internal_ = new mojo.internal.interfaceSupport.InterfaceReceiverHelperInternal(
        ResultInterfaceRemote);

    this.$ = new mojo.internal.interfaceSupport.InterfaceReceiverHelper(this.helper_internal_);


    this.helper_internal_.registerHandler(
        0,
        ResultInterface_Method_ParamsSpec.$,
        null,
        impl.method.bind(impl));
    this.onConnectionError = this.helper_internal_.getConnectionErrorEventRouter();
  }
}

export class ResultInterface {
  static get $interfaceName(): string {
    return "golden.ResultInterface";
  }

  /**
   * Returns a remote for this interface which sends messages to the browser.
   * The browser must have an interface request binder registered for this
   * interface and accessible to the calling document's frame.
   */
  static getRemote(): ResultInterfaceRemote {
    let remote = new ResultInterfaceRemote;
    remote.$.bindNewPipeAndPassReceiver().bindInBrowser();
    return remote;
  }
}

/**
 * An object which receives request messages for the ResultInterface
 * mojom interface and dispatches them as callbacks. One callback receiver exists
 * on this object for each message defined in the mojom interface, and each
 * receiver can have any number of listeners added to it.
 */
export class ResultInterfaceCallbackRouter {
  private helper_internal_: mojo.internal.interfaceSupport.InterfaceReceiverHelperInternal<ResultInterfaceRemote>;
  $: mojo.internal.interfaceSupport.InterfaceReceiverHelper<ResultInterfaceRemote>;
  router_: mojo.internal.interfaceSupport.CallbackRouter;

  method: mojo.internal.interfaceSupport.InterfaceCallbackReceiver;
  onConnectionError: mojo.internal.interfaceSupport.ConnectionErrorEventRouter;

  constructor() {
    this.helper_internal_ = new mojo.internal.interfaceSupport.InterfaceReceiverHelperInternal(
      ResultInterfaceRemote);

    this.$ = new mojo.internal.interfaceSupport.InterfaceReceiverHelper(this.helper_internal_);

    this.router_ = new mojo.internal.interfaceSupport.CallbackRouter;

    this.method =
        new mojo.internal.interfaceSupport.InterfaceCallbackReceiver(
            this.router_);

    this.helper_internal_.registerHandler(
        0,
        ResultInterface_Method_ParamsSpec.$,
        null,
        this.method.createReceiverHandler(false /* expectsResponse */));
    this.onConnectionError = this.helper_internal_.getConnectionErrorEventRouter();
  }

  /**
   * @param id An ID returned by a prior call to addListener.
   * @return True iff the identified listener was found and removed.
   */
  removeListener(id: number): boolean {
    return this.router_.removeListener(id);
  }
}

export const ResultTestErrorSpec: { $: mojo.internal.MojomType } =
    { $: {} as unknown as mojo.internal.MojomType };

export const ResultInterface_Method_ParamsSpec: { $: mojo.internal.MojomType } =
    { $: {} as unknown as mojo.internal.MojomType };




export interface ResultTestErrorMojoType {
}


export type ResultTestError = ResultTestErrorMojoType;
mojo.internal.Struct<ResultTestErrorMojoType>(
    ResultTestErrorSpec.$,
    'ResultTestError',
    [
    ],
    [[0, 8],]);





export interface ResultInterface_Method_ParamsMojoType {
  a: boolean;
}


export type ResultInterface_Method_Params = ResultInterface_Method_ParamsMojoType;
mojo.internal.Struct<ResultInterface_Method_ParamsMojoType>(
    ResultInterface_Method_ParamsSpec.$,
    'ResultInterface_Method_Params',
    [
      mojo.internal.StructField<ResultInterface_Method_ParamsMojoType, boolean>(
        'a', 0,
        0,
        mojo.internal.Bool,
        false,
        false /* nullable */,
        0,
        undefined,
        undefined,
    ),
    ],
    [[0, 16],]);



